
> receiver@1.0.0 mock
> node test/mockServer.js

Mock server listening on 127.0.0.1:21000
Client connected
Received Login Request
Received Client Heartbeat
Received Client Heartbeat
Received Client Heartbeat
Received Client Heartbeat
Received Client Heartbeat
Received Client Heartbeat
Received Client Heartbeat
Received Client Heartbeat
Received Client Heartbeat
Received Logout Request
Client disconnected
Client connected
Received Login Request
Received Client Heartbeat
Received Client Heartbeat
Received Client Heartbeat
Received Client Heartbeat
Received Client Heartbeat
Received Client Heartbeat
Received Client Heartbeat
Received Client Heartbeat
Received Client Heartbeat
Received Logout Request
Client disconnected
Terminated
