[2026-06-10T09:59:53.622Z] [INFO] Starting Receiver application. Environment: PROD, FreshStart: true, Version: V2026, Display: ON
[2026-06-10T09:59:53.644Z] [INFO] Connected to Redis.
[2026-06-10T09:59:53.644Z] [INFO] Fresh start requested. Clearing memory and Redis.
[2026-06-10T09:59:53.646Z] [INFO] Redis store cleared.
[2026-06-10T09:59:53.647Z] [INFO] Connecting to 127.0.0.1:21000...
[2026-06-10T09:59:53.649Z] [INFO] Connected. Sending Login Request (session: '          ', seq: 1)...
[2026-06-10T09:59:53.653Z] [INFO] Login Accepted. Session: TEST, Next Seq: 1
[2026-06-10T09:59:53.754Z] [WARN] Failed to parse v2026 message, payload hex: 53
[2026-06-10T10:08:34.132Z] [INFO] Starting Receiver application. Environment: PROD, FreshStart: true, Version: V2026, Display: ON
[2026-06-10T10:08:34.142Z] [INFO] Connected to Redis.
[2026-06-10T10:08:34.143Z] [INFO] Fresh start requested. Clearing memory and Redis.
[2026-06-10T10:08:34.144Z] [INFO] Redis store cleared.
[2026-06-10T10:08:34.145Z] [INFO] Connecting to 127.0.0.1:21000...
[2026-06-10T10:08:34.147Z] [INFO] Connected. Sending Login Request (session: '          ', seq: 1)...
[2026-06-10T10:08:34.148Z] [INFO] Login Accepted. Session: TEST, Next Seq: 1
[2026-06-10T10:08:34.249Z] [WARN] Failed to parse v2026 message, payload hex: 53
[2026-06-10T10:08:43.696Z] [INFO] Shutting down gracefully...
[2026-06-10T10:08:43.696Z] [INFO] Sending Logout Request and closing socket
[2026-06-10T10:09:48.197Z] [INFO] Starting Receiver application. Environment: PROD, FreshStart: true, Version: V2026, Display: ON
[2026-06-10T10:09:48.209Z] [INFO] Connected to Redis.
[2026-06-10T10:09:48.210Z] [INFO] Fresh start requested. Clearing memory and Redis.
[2026-06-10T10:09:48.212Z] [INFO] Redis store cleared.
[2026-06-10T10:09:48.213Z] [INFO] Connecting to 127.0.0.1:21000...
[2026-06-10T10:09:48.215Z] [INFO] Connected. Sending Login Request (session: '          ', seq: 1)...
[2026-06-10T10:09:48.219Z] [INFO] Login Accepted. Session: TEST, Next Seq: 1
[2026-06-10T10:09:57.753Z] [INFO] Shutting down gracefully...
[2026-06-10T10:09:57.754Z] [INFO] Sending Logout Request and closing socket
[2026-06-10T10:10:13.347Z] [INFO] Starting Receiver application. Environment: PROD, FreshStart: false, Version: V2026, Display: ON
[2026-06-10T10:10:13.358Z] [INFO] Connected to Redis.
[2026-06-10T10:10:13.358Z] [INFO] Resume requested. Loading from Redis.
[2026-06-10T10:10:13.361Z] [INFO] Loaded 1 records into memory. Resuming at sequence 2.
[2026-06-10T10:10:13.362Z] [INFO] Connecting to 127.0.0.1:21000...
[2026-06-10T10:10:13.364Z] [INFO] Connected. Sending Login Request (session: 'TEST', seq: 2)...
[2026-06-10T10:10:13.366Z] [WARN] 24x7 mode unsolicited session reset. Sequence is 1.
[2026-06-10T10:10:13.366Z] [WARN] Unsolicited 24x7 session reset. Clearing memory and Redis.
[2026-06-10T10:10:13.366Z] [INFO] Login Accepted. Session: TEST, Next Seq: 1
[2026-06-10T10:10:13.368Z] [INFO] Redis store cleared.
[2026-06-10T10:10:22.880Z] [INFO] Shutting down gracefully...
[2026-06-10T10:10:22.880Z] [INFO] Sending Logout Request and closing socket
[2026-06-10T10:11:09.270Z] [INFO] Starting Receiver application. Environment: PROD, FreshStart: false, Version: V2026, Display: ON
[2026-06-10T10:11:09.281Z] [INFO] Connected to Redis.
[2026-06-10T10:11:09.282Z] [INFO] Resume requested. Loading from Redis.
